{
  "formats": [
    {
      "name": "E2E Lighthouse - Static Image",
      "format_id": "yahoo_e2e_lighthouse_static",
      "type": "display",
      "description": "Edge-2-Edge Lighthouse mobile full screen static image",
      "extends": "foundation_immersive_canvas",
      "width": 720,
      "height": 1280,
      "max_file_size_kb": 200,
      "file_types": ["jpg", "png"],
      "is_standard": false,
      "specs": {
        "mobile_only": true,
        "aspect_ratio": "9:16",
        "alternate_dimensions": "1080x1920",
        "requires_backup_image": true,
        "site_served": true
      },
      "source_url": "https://adspecs.yahooinc.com/premium-ads/e2e-lighthouse?features=Static_Video_Full%20Bleed%20Video_Carousel_Video%20%2B%20Carousel_Slider%20_Touchpoints"
    },
    {
      "name": "E2E Lighthouse - Video",
      "format_id": "yahoo_e2e_lighthouse_video",
      "type": "video",
      "description": "Edge-2-Edge Lighthouse mobile video (16:9)",
      "extends": "foundation_universal_video",
      "width": 1920,
      "height": 1080,
      "duration_seconds": 15,
      "max_file_size_kb": 2150,
      "file_types": ["mp4", "webm"],
      "is_standard": false,
      "specs": {
        "mobile_only": true,
        "aspect_ratio": "16:9",
        "alternate_dimensions": "720x405",
        "autoplay_limited": true,
        "requires_backup_image": true,
        "site_served": true
      },
      "source_url": "https://adspecs.yahooinc.com/premium-ads/e2e-lighthouse?features=Static_Video_Full%20Bleed%20Video_Carousel_Video%20%2B%20Carousel_Slider%20_Touchpoints"
    },
    {
      "name": "E2E Lighthouse - Full Bleed Video",
      "format_id": "yahoo_e2e_lighthouse_full_bleed_video",
      "type": "video",
      "description": "Edge-2-Edge Lighthouse mobile full bleed video (9:16)",
      "extends": "foundation_universal_video",
      "width": 1080,
      "height": 1920,
      "duration_seconds": 15,
      "max_file_size_kb": 2560,
      "file_types": ["mp4", "webm"],
      "is_standard": false,
      "specs": {
        "mobile_only": true,
        "aspect_ratio": "9:16",
        "alternate_dimensions": "720x1280",
        "autoplay_limited": true,
        "requires_backup_image": true,
        "site_served": true
      },
      "source_url": "https://adspecs.yahooinc.com/premium-ads/e2e-lighthouse?features=Static_Video_Full%20Bleed%20Video_Carousel_Video%20%2B%20Carousel_Slider%20_Touchpoints"
    },
    {
      "name": "E2E Lighthouse - Carousel",
      "format_id": "yahoo_e2e_lighthouse_carousel",
      "type": "display",
      "description": "Edge-2-Edge Lighthouse mobile carousel (2-6 images)",
      "extends": "foundation_product_showcase_carousel",
      "width": 720,
      "height": 1280,
      "max_file_size_kb": 200,
      "file_types": ["jpg", "png"],
      "is_standard": false,
      "specs": {
        "mobile_only": true,
        "min_products": 2,
        "max_products": 6,
        "max_file_size_per_image_kb": 200,
        "requires_backup_image": true,
        "site_served": true,
        "product_image_ratio": "9:16"
      },
      "source_url": "https://adspecs.yahooinc.com/premium-ads/e2e-lighthouse?features=Static_Video_Full%20Bleed%20Video_Carousel_Video%20%2B%20Carousel_Slider%20_Touchpoints"
    },
    {
      "name": "E2E Lighthouse - Video + Carousel",
      "format_id": "yahoo_e2e_lighthouse_video_carousel",
      "type": "video",
      "description": "Edge-2-Edge Lighthouse mobile video with carousel images",
      "extends": "foundation_universal_video",
      "width": 1920,
      "height": 1080,
      "duration_seconds": 15,
      "max_file_size_kb": 2150,
      "file_types": ["mp4", "webm"],
      "is_standard": false,
      "specs": {
        "mobile_only": true,
        "video_dimensions": "720x405 or 1920x1080",
        "carousel_dimensions": "720x875",
        "min_products": 2,
        "max_products": 6,
        "requires_backup_image": true,
        "site_served": true,
        "aspect_ratios": ["16:9"]
      },
      "source_url": "https://adspecs.yahooinc.com/premium-ads/e2e-lighthouse?features=Static_Video_Full%20Bleed%20Video_Carousel_Video%20%2B%20Carousel_Slider%20_Touchpoints"
    }
  ]
}
